com\flight\dto\FlightDto.class
com\flight\exception\GlobalExceptionHandler.class
com\flight\controller\UserController.class
com\flight\dto\TripDto.class
com\flight\util\ErrorCode.class
com\flight\service\BookingService.class
com\flight\dto\BookingRequestDto.class
com\flight\util\SuccessMessage.class
com\flight\repository\TripRepository.class
com\flight\controller\FlightController.class
com\flight\repository\FlightRepository.class
com\flight\util\SeatClass.class
com\flight\FlightReservationSystemApplication.class
com\flight\service\TripService.class
com\flight\entity\Booking.class
com\flight\entity\Flight.class
com\flight\repository\BookingRepository.class
com\flight\service\FlightService.class
com\flight\util\TripStatus.class
com\flight\dto\BookingResponseDto.class
com\flight\util\ResponseMessage.class
com\flight\controller\BookingController.class
com\flight\entity\Trip.class
com\flight\repository\UserRepository.class
com\flight\controller\TripController.class
com\flight\util\ApiError.class
com\flight\entity\User.class
com\flight\service\UserService.class
com\flight\dto\UserDto.class
com\flight\util\ApiResponse.class
com\flight\dto\CancelBookingRequestDto.class
