D:\Rajapriyanka\Practicing\FlightReservationSystem\src\main\java\com\flight\controller\BookingController.java
D:\Rajapriyanka\Practicing\FlightReservationSystem\src\main\java\com\flight\controller\FlightController.java
D:\Rajapriyanka\Practicing\FlightReservationSystem\src\main\java\com\flight\controller\TripController.java
D:\Rajapriyanka\Practicing\FlightReservationSystem\src\main\java\com\flight\controller\UserController.java
D:\Rajapriyanka\Practicing\FlightReservationSystem\src\main\java\com\flight\dto\BookingRequestDto.java
D:\Rajapriyanka\Practicing\FlightReservationSystem\src\main\java\com\flight\dto\BookingResponseDto.java
D:\Rajapriyanka\Practicing\FlightReservationSystem\src\main\java\com\flight\dto\CancelBookingRequestDto.java
D:\Rajapriyanka\Practicing\FlightReservationSystem\src\main\java\com\flight\dto\FlightDto.java
D:\Rajapriyanka\Practicing\FlightReservationSystem\src\main\java\com\flight\dto\TripDto.java
D:\Rajapriyanka\Practicing\FlightReservationSystem\src\main\java\com\flight\dto\UserDto.java
D:\Rajapriyanka\Practicing\FlightReservationSystem\src\main\java\com\flight\entity\Booking.java
D:\Rajapriyanka\Practicing\FlightReservationSystem\src\main\java\com\flight\entity\Flight.java
D:\Rajapriyanka\Practicing\FlightReservationSystem\src\main\java\com\flight\entity\Trip.java
D:\Rajapriyanka\Practicing\FlightReservationSystem\src\main\java\com\flight\entity\User.java
D:\Rajapriyanka\Practicing\FlightReservationSystem\src\main\java\com\flight\exception\GlobalExceptionHandler.java
D:\Rajapriyanka\Practicing\FlightReservationSystem\src\main\java\com\flight\FlightReservationSystemApplication.java
D:\Rajapriyanka\Practicing\FlightReservationSystem\src\main\java\com\flight\repository\BookingRepository.java
D:\Rajapriyanka\Practicing\FlightReservationSystem\src\main\java\com\flight\repository\FlightRepository.java
D:\Rajapriyanka\Practicing\FlightReservationSystem\src\main\java\com\flight\repository\TripRepository.java
D:\Rajapriyanka\Practicing\FlightReservationSystem\src\main\java\com\flight\repository\UserRepository.java
D:\Rajapriyanka\Practicing\FlightReservationSystem\src\main\java\com\flight\service\BookingService.java
D:\Rajapriyanka\Practicing\FlightReservationSystem\src\main\java\com\flight\service\FlightService.java
D:\Rajapriyanka\Practicing\FlightReservationSystem\src\main\java\com\flight\service\TripService.java
D:\Rajapriyanka\Practicing\FlightReservationSystem\src\main\java\com\flight\service\UserService.java
D:\Rajapriyanka\Practicing\FlightReservationSystem\src\main\java\com\flight\util\ApiError.java
D:\Rajapriyanka\Practicing\FlightReservationSystem\src\main\java\com\flight\util\ApiResponse.java
D:\Rajapriyanka\Practicing\FlightReservationSystem\src\main\java\com\flight\util\ErrorCode.java
D:\Rajapriyanka\Practicing\FlightReservationSystem\src\main\java\com\flight\util\ResponseMessage.java
D:\Rajapriyanka\Practicing\FlightReservationSystem\src\main\java\com\flight\util\SeatClass.java
D:\Rajapriyanka\Practicing\FlightReservationSystem\src\main\java\com\flight\util\SuccessMessage.java
D:\Rajapriyanka\Practicing\FlightReservationSystem\src\main\java\com\flight\util\TripStatus.java
